﻿  Determinando los proyectos que se van a restaurar...
  Todos los proyectos est├ín actualizados para la restauraci├│n.
  VendingManager.Shared -> C:\Users\Maximiliano\Documents\VendingManager\src\VendingManager.Shared\bin\Debug\net10.0\VendingManager.Shared.dll
C:\Users\Maximiliano\Documents\VendingManager\src\VendingManager.Web\Pages\Cargas.razor.cs(155,17): error CS0103: El nombre 'NavManager' no existe en el contexto actual [C:\Users\Maximiliano\Documents\VendingManager\src\VendingManager.Web\VendingManager.Web.csproj]
C:\Users\Maximiliano\Documents\VendingManager\src\VendingManager.Web\Pages\Cargas.razor.cs(157,17): error CS0103: El nombre 'NavManager' no existe en el contexto actual [C:\Users\Maximiliano\Documents\VendingManager\src\VendingManager.Web\VendingManager.Web.csproj]
C:\Users\Maximiliano\Documents\VendingManager\src\VendingManager.Web\Pages\Reportes.razor.cs(163,27): error CS0103: El nombre 'NavManager' no existe en el contexto actual [C:\Users\Maximiliano\Documents\VendingManager\src\VendingManager.Web\VendingManager.Web.csproj]
C:\Users\Maximiliano\Documents\VendingManager\src\VendingManager.Web\Pages\Reportes.razor.cs(163,52): error CS0103: El nombre 'NavManager' no existe en el contexto actual [C:\Users\Maximiliano\Documents\VendingManager\src\VendingManager.Web\VendingManager.Web.csproj]
C:\Users\Maximiliano\Documents\VendingManager\src\VendingManager.Web\Pages\Reportes.razor.cs(164,21): error CS0103: El nombre 'QueryHelpers' no existe en el contexto actual [C:\Users\Maximiliano\Documents\VendingManager\src\VendingManager.Web\VendingManager.Web.csproj]
C:\Users\Maximiliano\Documents\VendingManager\src\VendingManager.Web\Pages\Reportes.razor.cs(168,21): error CS0103: El nombre 'QueryHelpers' no existe en el contexto actual [C:\Users\Maximiliano\Documents\VendingManager\src\VendingManager.Web\VendingManager.Web.csproj]
C:\Users\Maximiliano\Documents\VendingManager\src\VendingManager.Web\Pages\Reportes.razor.cs(172,21): error CS0103: El nombre 'QueryHelpers' no existe en el contexto actual [C:\Users\Maximiliano\Documents\VendingManager\src\VendingManager.Web\VendingManager.Web.csproj]
C:\Users\Maximiliano\Documents\VendingManager\src\VendingManager.Web\Pages\Reportes.razor.cs(179,17): error CS0122: 'Logger' no es accesible debido a su nivel de protecci├│n [C:\Users\Maximiliano\Documents\VendingManager\src\VendingManager.Web\VendingManager.Web.csproj]
C:\Users\Maximiliano\Documents\VendingManager\src\VendingManager.Web\Pages\Reportes.razor.cs(228,17): error CS0122: 'Logger' no es accesible debido a su nivel de protecci├│n [C:\Users\Maximiliano\Documents\VendingManager\src\VendingManager.Web\VendingManager.Web.csproj]
C:\Users\Maximiliano\Documents\VendingManager\src\VendingManager.Web\Pages\Reportes.razor.cs(235,21): error CS0122: 'Logger' no es accesible debido a su nivel de protecci├│n [C:\Users\Maximiliano\Documents\VendingManager\src\VendingManager.Web\VendingManager.Web.csproj]
C:\Users\Maximiliano\Documents\VendingManager\src\VendingManager.Web\Pages\Reportes.razor.cs(244,17): error CS0122: 'Logger' no es accesible debido a su nivel de protecci├│n [C:\Users\Maximiliano\Documents\VendingManager\src\VendingManager.Web\VendingManager.Web.csproj]
C:\Users\Maximiliano\Documents\VendingManager\src\VendingManager.Web\Pages\Reportes.razor.cs(290,17): error CS0122: 'Logger' no es accesible debido a su nivel de protecci├│n [C:\Users\Maximiliano\Documents\VendingManager\src\VendingManager.Web\VendingManager.Web.csproj]
C:\Users\Maximiliano\Documents\VendingManager\src\VendingManager.Web\Pages\Reportes.razor.cs(359,17): error CS0122: 'Logger' no es accesible debido a su nivel de protecci├│n [C:\Users\Maximiliano\Documents\VendingManager\src\VendingManager.Web\VendingManager.Web.csproj]
C:\Users\Maximiliano\Documents\VendingManager\src\VendingManager.Web\Pages\Reportes.razor.cs(375,21): error CS0122: 'Logger' no es accesible debido a su nivel de protecci├│n [C:\Users\Maximiliano\Documents\VendingManager\src\VendingManager.Web\VendingManager.Web.csproj]
C:\Users\Maximiliano\Documents\VendingManager\src\VendingManager.Web\Pages\Reportes.razor.cs(381,17): error CS0122: 'Logger' no es accesible debido a su nivel de protecci├│n [C:\Users\Maximiliano\Documents\VendingManager\src\VendingManager.Web\VendingManager.Web.csproj]
C:\Users\Maximiliano\Documents\VendingManager\src\VendingManager.Web\Pages\Login.razor(48,24): warning CS8625: No se puede convertir un literal NULL en un tipo de referencia que no acepta valores NULL. [C:\Users\Maximiliano\Documents\VendingManager\src\VendingManager.Web\VendingManager.Web.csproj]
C:\Users\Maximiliano\Documents\VendingManager\src\VendingManager.Web\Pages\Login.razor(44,20): warning CS8618: El elemento campo "errorMessage" que no acepta valores NULL debe contener un valor distinto de NULL al salir del constructor. Considere la posibilidad de agregar el modificador "required'"o declarar el campo como un valor que acepta valores NULL. [C:\Users\Maximiliano\Documents\VendingManager\src\VendingManager.Web\VendingManager.Web.csproj]
C:\Users\Maximiliano\Documents\VendingManager\src\VendingManager.Web\Pages\Cargas.razor(336,53): warning CS8602: Desreferencia de una referencia posiblemente NULL. [C:\Users\Maximiliano\Documents\VendingManager\src\VendingManager.Web\VendingManager.Web.csproj]
C:\Users\Maximiliano\Documents\VendingManager\src\VendingManager.Web\Auth\CookieAuthenticationStateProvider.cs(12,22): warning CS0414: El campo 'CookieAuthenticationStateProvider._isInitialized' est├í asignado pero su valor nunca se usa [C:\Users\Maximiliano\Documents\VendingManager\src\VendingManager.Web\VendingManager.Web.csproj]
C:\Users\Maximiliano\Documents\VendingManager\src\VendingManager.Web\Pages\GestionMaquinas.razor(218,20): warning BL0008: Property 'VendingManager.Web.Pages.GestionMaquinas.maquinaActual' has [SupplyParameterFromForm] and a property initializer. This can be overwritten with null during form posts. [C:\Users\Maximiliano\Documents\VendingManager\src\VendingManager.Web\VendingManager.Web.csproj]

ERROR al compilar.

C:\Users\Maximiliano\Documents\VendingManager\src\VendingManager.Web\Pages\Login.razor(48,24): warning CS8625: No se puede convertir un literal NULL en un tipo de referencia que no acepta valores NULL. [C:\Users\Maximiliano\Documents\VendingManager\src\VendingManager.Web\VendingManager.Web.csproj]
C:\Users\Maximiliano\Documents\VendingManager\src\VendingManager.Web\Pages\Login.razor(44,20): warning CS8618: El elemento campo "errorMessage" que no acepta valores NULL debe contener un valor distinto de NULL al salir del constructor. Considere la posibilidad de agregar el modificador "required'"o declarar el campo como un valor que acepta valores NULL. [C:\Users\Maximiliano\Documents\VendingManager\src\VendingManager.Web\VendingManager.Web.csproj]
C:\Users\Maximiliano\Documents\VendingManager\src\VendingManager.Web\Pages\Cargas.razor(336,53): warning CS8602: Desreferencia de una referencia posiblemente NULL. [C:\Users\Maximiliano\Documents\VendingManager\src\VendingManager.Web\VendingManager.Web.csproj]
C:\Users\Maximiliano\Documents\VendingManager\src\VendingManager.Web\Auth\CookieAuthenticationStateProvider.cs(12,22): warning CS0414: El campo 'CookieAuthenticationStateProvider._isInitialized' est├í asignado pero su valor nunca se usa [C:\Users\Maximiliano\Documents\VendingManager\src\VendingManager.Web\VendingManager.Web.csproj]
C:\Users\Maximiliano\Documents\VendingManager\src\VendingManager.Web\Pages\GestionMaquinas.razor(218,20): warning BL0008: Property 'VendingManager.Web.Pages.GestionMaquinas.maquinaActual' has [SupplyParameterFromForm] and a property initializer. This can be overwritten with null during form posts. [C:\Users\Maximiliano\Documents\VendingManager\src\VendingManager.Web\VendingManager.Web.csproj]
C:\Users\Maximiliano\Documents\VendingManager\src\VendingManager.Web\Pages\Cargas.razor.cs(155,17): error CS0103: El nombre 'NavManager' no existe en el contexto actual [C:\Users\Maximiliano\Documents\VendingManager\src\VendingManager.Web\VendingManager.Web.csproj]
C:\Users\Maximiliano\Documents\VendingManager\src\VendingManager.Web\Pages\Cargas.razor.cs(157,17): error CS0103: El nombre 'NavManager' no existe en el contexto actual [C:\Users\Maximiliano\Documents\VendingManager\src\VendingManager.Web\VendingManager.Web.csproj]
C:\Users\Maximiliano\Documents\VendingManager\src\VendingManager.Web\Pages\Reportes.razor.cs(163,27): error CS0103: El nombre 'NavManager' no existe en el contexto actual [C:\Users\Maximiliano\Documents\VendingManager\src\VendingManager.Web\VendingManager.Web.csproj]
C:\Users\Maximiliano\Documents\VendingManager\src\VendingManager.Web\Pages\Reportes.razor.cs(163,52): error CS0103: El nombre 'NavManager' no existe en el contexto actual [C:\Users\Maximiliano\Documents\VendingManager\src\VendingManager.Web\VendingManager.Web.csproj]
C:\Users\Maximiliano\Documents\VendingManager\src\VendingManager.Web\Pages\Reportes.razor.cs(164,21): error CS0103: El nombre 'QueryHelpers' no existe en el contexto actual [C:\Users\Maximiliano\Documents\VendingManager\src\VendingManager.Web\VendingManager.Web.csproj]
C:\Users\Maximiliano\Documents\VendingManager\src\VendingManager.Web\Pages\Reportes.razor.cs(168,21): error CS0103: El nombre 'QueryHelpers' no existe en el contexto actual [C:\Users\Maximiliano\Documents\VendingManager\src\VendingManager.Web\VendingManager.Web.csproj]
C:\Users\Maximiliano\Documents\VendingManager\src\VendingManager.Web\Pages\Reportes.razor.cs(172,21): error CS0103: El nombre 'QueryHelpers' no existe en el contexto actual [C:\Users\Maximiliano\Documents\VendingManager\src\VendingManager.Web\VendingManager.Web.csproj]
C:\Users\Maximiliano\Documents\VendingManager\src\VendingManager.Web\Pages\Reportes.razor.cs(179,17): error CS0122: 'Logger' no es accesible debido a su nivel de protecci├│n [C:\Users\Maximiliano\Documents\VendingManager\src\VendingManager.Web\VendingManager.Web.csproj]
C:\Users\Maximiliano\Documents\VendingManager\src\VendingManager.Web\Pages\Reportes.razor.cs(228,17): error CS0122: 'Logger' no es accesible debido a su nivel de protecci├│n [C:\Users\Maximiliano\Documents\VendingManager\src\VendingManager.Web\VendingManager.Web.csproj]
C:\Users\Maximiliano\Documents\VendingManager\src\VendingManager.Web\Pages\Reportes.razor.cs(235,21): error CS0122: 'Logger' no es accesible debido a su nivel de protecci├│n [C:\Users\Maximiliano\Documents\VendingManager\src\VendingManager.Web\VendingManager.Web.csproj]
C:\Users\Maximiliano\Documents\VendingManager\src\VendingManager.Web\Pages\Reportes.razor.cs(244,17): error CS0122: 'Logger' no es accesible debido a su nivel de protecci├│n [C:\Users\Maximiliano\Documents\VendingManager\src\VendingManager.Web\VendingManager.Web.csproj]
C:\Users\Maximiliano\Documents\VendingManager\src\VendingManager.Web\Pages\Reportes.razor.cs(290,17): error CS0122: 'Logger' no es accesible debido a su nivel de protecci├│n [C:\Users\Maximiliano\Documents\VendingManager\src\VendingManager.Web\VendingManager.Web.csproj]
C:\Users\Maximiliano\Documents\VendingManager\src\VendingManager.Web\Pages\Reportes.razor.cs(359,17): error CS0122: 'Logger' no es accesible debido a su nivel de protecci├│n [C:\Users\Maximiliano\Documents\VendingManager\src\VendingManager.Web\VendingManager.Web.csproj]
C:\Users\Maximiliano\Documents\VendingManager\src\VendingManager.Web\Pages\Reportes.razor.cs(375,21): error CS0122: 'Logger' no es accesible debido a su nivel de protecci├│n [C:\Users\Maximiliano\Documents\VendingManager\src\VendingManager.Web\VendingManager.Web.csproj]
C:\Users\Maximiliano\Documents\VendingManager\src\VendingManager.Web\Pages\Reportes.razor.cs(381,17): error CS0122: 'Logger' no es accesible debido a su nivel de protecci├│n [C:\Users\Maximiliano\Documents\VendingManager\src\VendingManager.Web\VendingManager.Web.csproj]
    5 Advertencia(s)
    15 Errores

Tiempo transcurrido 00:00:01.84
